failed peek
failed peek
failed pop
5
5
5
10000
failed push
failed push
failed push
failed push
failed push
10
10
invalid instruction C
invalid instruction S
invalid instruction 2
invalid instruction 2
invalid instruction 6
invalid instruction 3
invalid instruction W
invalid instruction i
invalid instruction t
invalid instruction h
invalid instruction R
invalid instruction i
invalid instruction c
invalid instruction k
invalid instruction W
invalid instruction i
invalid instruction g
invalid instruction h
invalid instruction t
invalid instruction m
invalid instruction a
invalid instruction n
11100
10010
201
-10
-10
-10
201
Successfully executed 11 instructions
|_ 10000 _|
|_ 11100 _|
|_ 10010 _|
|_ 201 _|
4 elements
